Mono path[0] = 'D:/三國將星傳/build/ui-layout-win/SanGuo_Data/Managed'
Mono config path = 'D:/三國將星傳/build/ui-layout-win/MonoBleedingEdge/etc'
Input System module state changed to: Initialized.
[Physics::Module] Initialized fallback backend.
[Physics::Module] Id: 0xdecafbad
Initialize engine version: 6000.3.25f1 (e1dba0a9aba4)
[Subsystems] Discovering subsystems at path D:/三國將星傳/build/ui-layout-win/SanGuo_Data/UnitySubsystems
[D3D12 Device Filter] Vendor Name: NVIDIA
[D3D12 Device Filter] Device Name: NVIDIA GeForce RTX 3080
[D3D12 Device Filter] Driver Version: 32.0.15.9621
[D3D12 Device Filter] Feature Level: 12.2
[D3D12 Device Filter] Graphics Memory: 10053 MB
[D3D12 Device Filter] Processor Count: 12
[D3D12 Device Filter] Device Type: Discrete
GfxDevice: creating device client; kGfxThreadingModeSplitJobs
d3d12: failed to query info queue interface (0x80004002).
Direct3D:
    Version:         Direct3D 12 [level 12.2]
    Renderer:        NVIDIA GeForce RTX 3080 (ID=0x2216)
    Vendor:          NVIDIA
    VRAM:            10053 MB
    App VRAM Budget: 9285 MB
    Driver:          32.0.15.9621
Begin MonoManager ReloadAssembly
- Loaded All Assemblies, in  0.086 seconds
- Finished resetting the current domain, in  0.002 seconds
[Physics::Module] Selected backend.
[Physics::Module] Name: PhysX
[Physics::Module] Id: 0xf2b8ea05
[Physics::Module] SDK Version: 4.1.2
[Physics::Module] Integration Version: 1.0.0
[Physics::Module] Threading Mode: Multi-Threaded
<RI> Initializing input.
<RI> Input initialized.
UnloadTime: 3.029200 ms
Unloading 5 Unused Serialized files (Serialized files now loaded: 0)
UnloadTime: 1.788200 ms
[shot] Q-style roster art verified: 29 faces and full illustrations.
Unloading 9877 unused Assets to reduce memory usage. Loaded Objects now: 1317.
Total: 4.391600 ms (FindLiveObjects: 0.227200 ms CreateObjectMapping: 0.232200 ms MarkObjects: 1.203900 ms  DeleteObjects: 2.728000 ms)

[shot] Home layout bounds and group separation verified.
[shot] capture D:\三國將星傳\build\ui-layout-final\1366x768\01-home.png
[shot] Home layout bounds and group separation verified.
[shot] capture D:\三國將星傳\build\ui-layout-final\1366x768\02-home-help.png
[shot] Home UI submit events verified: expedition detail and recruitment navigation.
[shot] capture D:\三國將星傳\build\ui-layout-final\1366x768\03-gacha-main.png
[shot] capture D:\三國將星傳\build\ui-layout-final\1366x768\04-gacha-standard.png
[shot] capture D:\三國將星傳\build\ui-layout-final\1366x768\05-gacha-up_first.png
[shot] capture D:\三國將星傳\build\ui-layout-final\1366x768\06-gacha-rates.png
[shot] capture D:\三國將星傳\build\ui-layout-final\1366x768\07-gacha.png
[shot] capture D:\三國將星傳\build\ui-layout-final\1366x768\08-map.png
[shot] capture D:\三國將星傳\build\ui-layout-final\1366x768\09-map-stage.png
[shot] capture D:\三國將星傳\build\ui-layout-final\1366x768\10-heroes.png
[shot] capture D:\三國將星傳\build\ui-layout-final\1366x768\11-heroes-deck.png
[shot] capture D:\三國將星傳\build\ui-layout-final\1366x768\12-heroes-equip.png
[shot] capture D:\三國將星傳\build\ui-layout-final\1366x768\13-heroes-roster-end.png
[shot] capture D:\三國將星傳\build\ui-layout-final\1366x768\14-heroes-featured.png
[shot] capture D:\三國將星傳\build\ui-layout-final\1366x768\15-heroes-model.png
[shot] capture D:\三國將星傳\build\ui-layout-final\1366x768\16-herogrowth.png
[shot] capture D:\三國將星傳\build\ui-layout-final\1366x768\17-growth-break.png
[shot] capture D:\三國將星傳\build\ui-layout-final\1366x768\18-growth-equip.png
[shot] capture D:\三國將星傳\build\ui-layout-final\1366x768\19-heroes-roster-end.png
[shot] capture D:\三國將星傳\build\ui-layout-final\1366x768\20-heroes-featured.png
[shot] capture D:\三國將星傳\build\ui-layout-final\1366x768\21-heroes-model.png
[shot] capture D:\三國將星傳\build\ui-layout-final\1366x768\22-dungeons.png
[shot] capture D:\三國將星傳\build\ui-layout-final\1366x768\23-dungeons-end.png
[shot] capture D:\三國將星傳\build\ui-layout-final\1366x768\24-quests.png
[shot] capture D:\三國將星傳\build\ui-layout-final\1366x768\25-quests-claimed.png
[shot] capture D:\三國將星傳\build\ui-layout-final\1366x768\26-quests-seven.png
[shot] capture D:\三國將星傳\build\ui-layout-final\1366x768\27-quests-seven-claimed.png
[shot] capture D:\三國將星傳\build\ui-layout-final\1366x768\28-milestones-0.png
[shot] capture D:\三國將星傳\build\ui-layout-final\1366x768\29-milestones-60.png
[shot] capture D:\三國將星傳\build\ui-layout-final\1366x768\30-milestones-200.png
[shot] capture D:\三國將星傳\build\ui-layout-final\1366x768\31-milestones-200-claimed.png
[shot] capture D:\三國將星傳\build\ui-layout-final\1366x768\32-shop.png
[shot] capture D:\三國將星傳\build\ui-layout-final\1366x768\33-shop-souls.png
[shot] capture D:\三國將星傳\build\ui-layout-final\1366x768\34-shop-pass.png
[shot] capture D:\三國將星傳\build\ui-layout-final\1366x768\35-formation.png
[shot] Battle grid center raycasts verified: 25
[shot] Battle HUD containment, separation and card text fit verified.
[shot] capture D:\三國將星傳\build\ui-layout-final\1366x768\36-battle-start.png
[shot] Attack target direction verified.
[shot] Battle grid center raycasts verified: 25
[shot] Battle HUD containment, separation and card text fit verified.
[shot] capture D:\三國將星傳\build\ui-layout-final\1366x768\37-battle-player-facing.png
[shot] Attack target direction verified.
[shot] Battle grid center raycasts verified: 25
[shot] Battle HUD containment, separation and card text fit verified.
[shot] capture D:\三國將星傳\build\ui-layout-final\1366x768\38-battle-enemy-facing.png
[shot] Battle grid center raycasts verified: 25
[shot] Battle HUD containment, separation and card text fit verified.
[shot] capture D:\三國將星傳\build\ui-layout-final\1366x768\39-battle-preview.png
[shot] Battle grid center raycasts verified: 25
[shot] Battle HUD containment, separation and card text fit verified.
[shot] capture D:\三國將星傳\build\ui-layout-final\1366x768\40-battle-selected.png
[shot] Battle grid center raycasts verified: 25
[shot] Battle HUD containment, separation and card text fit verified.
[shot] capture D:\三國將星傳\build\ui-layout-final\1366x768\41-battle-played.png
[shot] Battle grid center raycasts verified: 25
[shot] Battle HUD containment, separation and card text fit verified.
[shot] capture D:\三國將星傳\build\ui-layout-final\1366x768\42-battle-result.png
[shot] Home layout bounds and group separation verified.
[shot] capture D:\三國將星傳\build\ui-layout-final\1366x768\43-home-progress.png
[shot] capture D:\三國將星傳\build\ui-layout-final\1366x768\44-growth-upgraded.png
[shot] capture D:\三國將星傳\build\ui-layout-final\1366x768\45-growth-equipped.png
[shot] capture D:\三國將星傳\build\ui-layout-final\1366x768\46-heroes-after-growth.png
[shot] Independent growth upgrade and read-only roster refresh verified.
[shot] Battle grid center raycasts verified: 25
[shot] Battle HUD containment, separation and card text fit verified.
[shot] capture D:\三國將星傳\build\ui-layout-final\1366x768\47-battle-status-card.png
[shot] Distinct combat motion profiles verified: guard, polearm, archer, caster
[shot] Battle grid center raycasts verified: 25
[shot] Battle HUD containment, separation and card text fit verified.
[shot] capture D:\三國將星傳\build\ui-layout-final\1366x768\48-battle-distinct-actions.png
[shot] Battle grid center raycasts verified: 25
[shot] Battle HUD containment, separation and card text fit verified.
[shot] capture D:\三國將星傳\build\ui-layout-final\1366x768\49-battle-status-detail.png
[shot] Battle grid center raycasts verified: 25
[shot] Battle HUD containment, separation and card text fit verified.
[shot] capture D:\三國將星傳\build\ui-layout-final\1366x768\50-battle-max-zoom.png
[shot] Battle grid center raycasts verified: 25
[shot] Battle HUD containment, separation and card text fit verified.
[shot] capture D:\三國將星傳\build\ui-layout-final\1366x768\51-battle-ten-cards.png
[shot] Battle grid center raycasts verified: 25
[shot] Battle HUD containment, separation and card text fit verified.
[shot] capture D:\三國將星傳\build\ui-layout-final\1366x768\52-battle-crowded.png
[shot] Battle grid center raycasts verified: 25
[shot] Battle HUD containment, separation and card text fit verified.
[shot] capture D:\三國將星傳\build\ui-layout-final\1366x768\53-battle-crowded-zoom.png
[shot] Unit body hover and details verified: 山賊嘍囉
[shot] Battle grid center raycasts verified: 25
[shot] Battle HUD containment, separation and card text fit verified.
[shot] capture D:\三國將星傳\build\ui-layout-final\1366x768\54-battle-enemy-details.png
[shot] Unit body hover and details verified: 義勇醫士
[shot] Battle grid center raycasts verified: 25
[shot] Battle HUD containment, separation and card text fit verified.
[shot] capture D:\三國將星傳\build\ui-layout-final\1366x768\55-battle-hero-details.png
[shot] Home layout bounds and group separation verified.
[shot] capture D:\三國將星傳\build\ui-layout-final\1366x768\56-portrait-atlas.png
[Physics::Module] Cleanup current backend.
[Physics::Module] Id: 0xf2b8ea05
Input System module state changed to: ShutdownInProgress.
Input System polling thread exited.
Input System module state changed to: Shutdown.
